******************************************************************************
            TI ARM Clang Linker PC v4.0.1                      
******************************************************************************
>> Linked Mon Mar 31 17:16:54 2025

OUTPUT FILE NAME:   <ECE319K_Lab5.out>
ENTRY POINT SYMBOL: "_c_int00_noargs"  address: 00001735


MEMORY CONFIGURATION

         name            origin    length      used     unused   attr    fill
----------------------  --------  ---------  --------  --------  ----  --------
  FLASH                 00000000   00020000  00001f30  0001e0d0  R  X
  SRAM                  20200000   00008000  00000674  0000798c  RW X
  BCR_CONFIG            41c00000   00000080  00000000  00000080  R   
  BSL_CONFIG            41c00100   00000080  00000000  00000080  R   


SEGMENT ALLOCATION MAP

run origin  load origin   length   init length attrs members
----------  ----------- ---------- ----------- ----- -------
00000000    00000000    00001f30   00001f30    r-x
  00000000    00000000    000000c0   000000c0    r-- .intvecs
  000000c0    000000c0    000018a0   000018a0    r-x .text
  00001960    00001960    000005a0   000005a0    r-- .rodata
  00001f00    00001f00    00000030   00000030    r-- .cinit
20200000    20200000    00000474   00000000    rw-
  20200000    20200000    00000258   00000000    rw- .bss
  20200258    20200258    00000200   00000000    rw- .sysmem
  20200458    20200458    0000001c   00000000    rw- .data
20207e00    20207e00    00000200   00000000    rw-
  20207e00    20207e00    00000200   00000000    rw- .stack


SECTION ALLOCATION MAP

 output                                  attributes/
section   page    origin      length       input sections
--------  ----  ----------  ----------   ----------------
.intvecs   0    00000000    000000c0     
                  00000000    000000c0     startup_mspm0g3507_ticlang.o (.intvecs)

.text      0    000000c0    000018a0     
                  000000c0    000002c4     ECE319K_Lab5Grader.o (.text.FFT)
                  00000384    00000280     ECE319K_Lab5Grader.o (.text.Lab5Grader)
                  00000604    0000024c     ECE319K_Lab5Grader.o (.text.lab5grader)
                  00000850    000001b4     Clock.o (.text.Clock_Init80MHz)
                  00000a04    00000158     ECE319K_Lab5Grader.o (.text.CheckInitialization)
                  00000b5c    00000134     ECE319K_Lab5Grader.o (.text.ADC_Init)
                  00000c90    00000130     UARTints.o (.text.UART_Init)
                  00000dc0    00000130     ECE319K_Lab5main.o (.text.main)
                  00000ef0    000000a8     Timer.o (.text.TimerG7_IntArm)
                  00000f98    00000008     libclang_rt.builtins.a : aeabi_memcpy.S.obj (.text.__aeabi_memcpy)
                  00000fa0    00000088     libc.a : strcmp-armv6m.S.obj (.text:strcmp)
                  00001028    0000007c     LaunchPad.o (.text.LaunchPad_Init)
                  000010a4    0000007c     libc.a : copy_decompress_lzss.c.obj (.text:decompress:lzss)
                  00001120    00000060     Timer.o (.text.TimerG12_Init)
                  00001180    0000005c     UARTints.o (.text.UART0_IRQHandler)
                  000011dc    00000058     UARTints.o (.text.copyHardwareToSoftware)
                  00001234    00000056     libclang_rt.builtins.a : aeabi_idivmod.S.obj (.text.__aeabi_idivmod)
                  0000128a    00000002                            : aeabi_div0.c.obj (.text.__aeabi_idiv0)
                  0000128c    00000050     Dump.o (.text.Debug_Dump)
                  000012dc    0000004c     FIFO.o (.text.RxFifo_Put)
                  00001328    0000004c     ECE319K_Lab5main.o (.text.Sound_Init)
                  00001374    0000004c     FIFO.o (.text.TxFifo_Get)
                  000013c0    0000004c     FIFO.o (.text.TxFifo_Put)
                  0000140c    0000004c     UARTints.o (.text.copySoftwareToHardware)
                  00001458    00000048     Dump.o (.text.Debug_Init)
                  000014a0    00000040     UARTints.o (.text.UART_OutChar)
                  000014e0    00000040     libclang_rt.builtins.a : aeabi_uidivmod.S.obj (.text.__aeabi_uidivmod)
                  00001520    0000003c     DAC5.o (.text.DAC5_Init)
                  0000155c    0000003c     libc.a : autoinit.c.obj (.text:__TI_auto_init_nobinit_nopinit)
                  00001598    00000038     LaunchPad.o (.text.ActivatePortA_B)
                  000015d0    00000036     UART.o (.text.UART_OutUDec)
                  00001606    00000034     ECE319K_Lab5Grader.o (.text.setUpper)
                  0000163a    00000002     --HOLE-- [fill = 0]
                  0000163c    0000002c     ECE319K_Lab5Grader.o (.text.ReadInput)
                  00001668    0000002c     ECE319K_Lab5main.o (.text.SysTick_Handler)
                  00001694    00000028     ECE319K_Lab5Grader.o (.text.ADC_Start)
                  000016bc    00000028     ECE319K_Lab5Grader.o (.text.Grader_Init)
                  000016e4    00000028     Key.o (.text.Key_Init)
                  0000170c    00000028     ECE319K_Lab5Grader.o (.text.LogicAnalyzer)
                  00001734    00000028     libc.a : boot_cortex_m.c.obj (.text:_c_int00_noargs)
                  0000175c    00000026     UART.o (.text.UART_OutString)
                  00001782    00000002     --HOLE-- [fill = 0]
                  00001784    00000024     ECE319K_Lab5Grader.o (.text.TIMG7_IRQHandler)
                  000017a8    00000020     DAC5.o (.text.DAC5_Out)
                  000017c8    00000020     ECE319K_Lab5Grader.o (.text.Random32)
                  000017e8    00000020     ECE319K_Lab5main.o (.text.Sound_Start)
                  00001808    0000001c     startup_mspm0g3507_ticlang.o (.text.Default_Handler)
                  00001824    0000001c     startup_mspm0g3507_ticlang.o (.text.HardFault_Handler)
                  00001840    00000018     Key.o (.text.Key_In)
                  00001858    00000018     FIFO.o (.text.RxFifo_Size)
                  00001870    00000018     ECE319K_Lab5Grader.o (.text.Scope)
                  00001888    00000018     FIFO.o (.text.TxFifo_Size)
                  000018a0    00000016     libc.a : copy_zero_init.c.obj (.text:decompress:ZI:__TI_zero_init_nomemset)
                  000018b6    00000002     --HOLE-- [fill = 0]
                  000018b8    00000014     FIFO.o (.text.RxFifo_Init)
                  000018cc    00000014     FIFO.o (.text.TxFifo_Init)
                  000018e0    00000012     libc.a : memcpy16.S.obj (.text:TI_memcpy_small)
                  000018f2    00000012            : copy_decompress_none.c.obj (.text:decompress:none)
                  00001904    00000010     Clock.o (.text.Clock_Delay)
                  00001914    00000010     LaunchPad.o (.text.Delay)
                  00001924    00000010     ECE319K_Lab5Grader.o (.text.OutCRLF)
                  00001934    0000000c     Clock.o (.text.Clock_Freq)
                  00001940    0000000c     ECE319K_Lab5main.o (.text.Sound_Stop)
                  0000194c    00000004     startup_mspm0g3507_ticlang.o (.text.Reset_Handler)
                  00001950    00000004     libc.a : pre_init.c.obj (.text._system_pre_init)
                  00001954    00000004            : exit.c.obj (.text:abort)
                  00001958    00000008     --HOLE-- [fill = 0]

.cinit     0    00001f00    00000030     
                  00001f00    0000000c     (.cinit..data.load) [load image, compression = lzss]
                  00001f0c    0000000c     (__TI_handler_table)
                  00001f18    00000008     (.cinit..bss.load) [load image, compression = zero_init]
                  00001f20    00000010     (__TI_cinit_table)

.rodata    0    00001960    000005a0     
                  00001960    00000280     ECE319K_Lab5Grader.o (.rodata.NotesProblem)
                  00001be0    00000080     ECE319K_Lab5Grader.o (.rodata.NotesPeriod)
                  00001c60    0000004b     ECE319K_Lab5Grader.o (.rodata.str1.50055286786680503271)
                  00001cab    0000003a     ECE319K_Lab5Grader.o (.rodata.str1.145938324600070204741)
                  00001ce5    00000038     ECE319K_Lab5Grader.o (.rodata.str1.184216038014363249021)
                  00001d1d    00000037     ECE319K_Lab5Grader.o (.rodata.str1.77916425379104532341)
                  00001d54    0000002f     ECE319K_Lab5Grader.o (.rodata.str1.88270396947434664971)
                  00001d83    0000002e     ECE319K_Lab5Grader.o (.rodata.str1.82889096367739448671)
                  00001db1    00000003     --HOLE-- [fill = 0]
                  00001db4    00000020     ECE319K_Lab5Grader.o (.rodata.IMULTIPLIERS)
                  00001dd4    00000020     ECE319K_Lab5Grader.o (.rodata.RMULTIPLIERS)
                  00001df4    00000020     ECE319K_Lab5main.o (.rodata.SinWave)
                  00001e14    0000001c     ECE319K_Lab5Grader.o (.rodata.str1.33577952556368563241)
                  00001e30    00000015     ECE319K_Lab5Grader.o (.rodata.str1.89560966556991981321)
                  00001e45    00000014     ECE319K_Lab5Grader.o (.rodata.str1.88020494194792965821)
                  00001e59    00000014     ECE319K_Lab5Grader.o (.rodata.str1.93559642825387313591)
                  00001e6d    00000013     ECE319K_Lab5Grader.o (.rodata.str1.71487878760028771091)
                  00001e80    00000011     ECE319K_Lab5Grader.o (.rodata.str1.137129017328727778561)
                  00001e91    00000010     ECE319K_Lab5Grader.o (.rodata.str1.148502664100618170541)
                  00001ea1    00000010     ECE319K_Lab5Grader.o (.rodata.str1.49863426935575252381)
                  00001eb1    0000000f     ECE319K_Lab5Grader.o (.rodata.str1.53906281691987897811)
                  00001ec0    0000000e     ECE319K_Lab5Grader.o (.rodata.str1.70472600287729786481)
                  00001ece    0000000d     ECE319K_Lab5Grader.o (.rodata.str1.140600510716839632671)
                  00001edb    00000008     ECE319K_Lab5main.o (.rodata.EID1)
                  00001ee3    00000008     ECE319K_Lab5main.o (.rodata.EID2)
                  00001eeb    00000008     ECE319K_Lab5Grader.o (.rodata.str1.69147075008774735551)
                  00001ef3    00000007     ECE319K_Lab5Grader.o (.rodata.str1.19144040753989699301)
                  00001efa    00000006     --HOLE-- [fill = 0]

.init_array 
*          0    00000000    00000000     UNINITIALIZED

.binit     0    00000000    00000000     

.bss       0    20200000    00000258     UNINITIALIZED
                  20200000    000000c8     (.common:DataBuffer)
                  202000c8    000000c8     (.common:TimeBuffer)
                  20200190    00000040     FIFO.o (.bss.TxFifo)
                  202001d0    00000040     (.common:Last16ADCresults)
                  20200210    00000010     FIFO.o (.bss.RxFifo)
                  20200220    00000004     (.common:DebugCnt)
                  20200224    00000004     (.common:LastIn)
                  20200228    00000004     (.common:M)
                  2020022c    00000004     (.common:Mask)
                  20200230    00000004     (.common:PeriodicTask2)
                  20200234    00000004     (.common:RxGetI)
                  20200238    00000004     (.common:RxPutI)
                  2020023c    00000004     (.common:SampleFlag)
                  20200240    00000004     (.common:State)
                  20200244    00000004     (.common:TExaSadc)
                  20200248    00000004     (.common:TxGetI)
                  2020024c    00000004     (.common:TxPutI)
                  20200250    00000004     (.common:key)
                  20200254    00000004     (.common:last)

.sysmem    0    20200258    00000200     UNINITIALIZED
                  20200258    00000010     libc.a : memory.c.obj (.sysmem)
                  20200268    000001f0     --HOLE--

.data      0    20200458    0000001c     UNINITIALIZED
                  20200458    00000004     Clock.o (.data.BusFreq)
                  2020045c    00000004     ECE319K_Lab5Grader.o (.data.Fail)
                  20200460    00000004     ECE319K_Lab5Grader.o (.data.Last16ADCindex)
                  20200464    00000004     ECE319K_Lab5Grader.o (.data.NotesMode)
                  20200468    00000004     ECE319K_Lab5Grader.o (.data.Score)
                  2020046c    00000004     ECE319K_Lab5Grader.o (.data.Time)
                  20200470    00000004     ECE319K_Lab5main.o (.data.sinIndex)

.stack     0    20207e00    00000200     UNINITIALIZED
                  20207e00    00000004     libc.a : boot_cortex_m.c.obj (.stack)
                  20207e04    000001fc     --HOLE--

__llvm_prf_cnts 
*          0    20200000    00000000     UNINITIALIZED

__llvm_prf_bits 
*          0    20200000    00000000     UNINITIALIZED

MODULE SUMMARY

       Module                         code   ro data   rw data
       ------                         ----   -------   -------
    .\
       ECE319K_Lab5Grader.o           2912   1383      112    
       UARTints.o                     624    0         0      
       Dump.o                         152    0         404    
       ECE319K_Lab5main.o             468    48        12     
       Clock.o                        464    0         4      
       FIFO.o                         316    0         96     
       Timer.o                        264    0         0      
       LaunchPad.o                    196    0         0      
       DAC5.o                         92     0         0      
       UART.o                         92     0         0      
       Key.o                          64     0         0      
    +--+------------------------------+------+---------+---------+
       Total:                         5644   1431      628    
                                                              
    .\ticlang\
       startup_mspm0g3507_ticlang.o   60     192       0      
    +--+------------------------------+------+---------+---------+
       Total:                         60     192       0      
                                                              
    C:\ti\ccs2000\ccs\tools\compiler\ti-cgt-armllvm_4.0.1.LTS\lib\armv6m-ti-none-eabi/c/libc.a
       strcmp-armv6m.S.obj            136    0         0      
       copy_decompress_lzss.c.obj     124    0         0      
       autoinit.c.obj                 60     0         0      
       boot_cortex_m.c.obj            40     0         0      
       copy_zero_init.c.obj           22     0         0      
       copy_decompress_none.c.obj     18     0         0      
       memcpy16.S.obj                 18     0         0      
       exit.c.obj                     4      0         0      
       pre_init.c.obj                 4      0         0      
    +--+------------------------------+------+---------+---------+
       Total:                         426    0         0      
                                                              
    C:\ti\ccs2000\ccs\tools\compiler\ti-cgt-armllvm_4.0.1.LTS\lib\armv6m-ti-none-eabi/libclang_rt.builtins.a
       aeabi_idivmod.S.obj            86     0         0      
       aeabi_uidivmod.S.obj           64     0         0      
       aeabi_memcpy.S.obj             8      0         0      
       aeabi_div0.c.obj               2      0         0      
    +--+------------------------------+------+---------+---------+
       Total:                         160    0         0      
                                                              
       Heap:                          0      0         512    
       Stack:                         0      0         512    
       Linker Generated:              0      48        0      
    +--+------------------------------+------+---------+---------+
       Grand Total:                   6290   1671      1652   


LINKER GENERATED COPY TABLES

__TI_cinit_table @ 00001f20 records: 2, size/record: 8, table size: 16
	.data: load addr=00001f00, load size=0000000c bytes, run addr=20200458, run size=0000001c bytes, compression=lzss
	.bss: load addr=00001f18, load size=00000008 bytes, run addr=20200000, run size=00000258 bytes, compression=zero_init


LINKER GENERATED HANDLER TABLE

__TI_handler_table @ 00001f0c records: 3, size/record: 4, table size: 12
	index: 0, handler: __TI_decompress_lzss
	index: 1, handler: __TI_decompress_none
	index: 2, handler: __TI_zero_init


GLOBAL SYMBOLS: SORTED ALPHABETICALLY BY Name 

address   name                          
-------   ----                          
00001809  ADC0_IRQHandler               
00001809  ADC1_IRQHandler               
00000b5d  ADC_Init                      
00001695  ADC_Start                     
00001809  AES_IRQHandler                
00001599  ActivatePortA_B               
20200458  BusFreq                       
00001954  C$$EXIT                       
00001809  CANFD0_IRQHandler             
00000a05  CheckInitialization           
00001905  Clock_Delay                   
00001935  Clock_Freq                    
00000851  Clock_Init80MHz               
00001809  DAC0_IRQHandler               
00001521  DAC5_Init                     
000017a9  DAC5_Out                      
00001809  DMA_IRQHandler                
20200000  DataBuffer                    
20200220  DebugCnt                      
0000128d  Debug_Dump                    
00001459  Debug_Init                    
00001809  Default_Handler               
00001915  Delay                         
00001edb  EID1                          
00001ee3  EID2                          
000000c1  FFT                           
00001809  GROUP0_IRQHandler             
00001809  GROUP1_IRQHandler             
000016bd  Grader_Init                   
00001825  HardFault_Handler             
00001809  I2C0_IRQHandler               
00001809  I2C1_IRQHandler               
00001db4  IMULTIPLIERS                  
00001841  Key_In                        
000016e5  Key_Init                      
00000385  Lab5Grader                    
20200460  Last16ADCindex                
202001d0  Last16ADCresults              
20200224  LastIn                        
00001029  LaunchPad_Init                
0000170d  LogicAnalyzer                 
20200228  M                             
2020022c  Mask                          
00001809  NMI_Handler                   
20200464  NotesMode                     
00001be0  NotesPeriod                   
00001960  NotesProblem                  
00001925  OutCRLF                       
00001809  PendSV_Handler                
20200230  PeriodicTask2                 
00001dd4  RMULTIPLIERS                  
00001809  RTC_IRQHandler                
000017c9  Random32                      
0000163d  ReadInput                     
0000194d  Reset_Handler                 
000018b9  RxFifo_Init                   
000012dd  RxFifo_Put                    
00001859  RxFifo_Size                   
20200234  RxGetI                        
20200238  RxPutI                        
00001809  SPI0_IRQHandler               
00001809  SPI1_IRQHandler               
00001809  SVC_Handler                   
2020023c  SampleFlag                    
00001871  Scope                         
00001df4  SinWave                       
00001329  Sound_Init                    
000017e9  Sound_Start                   
00001941  Sound_Stop                    
20200240  State                         
00001669  SysTick_Handler               
20200244  TExaSadc                      
00001809  TIMA0_IRQHandler              
00001809  TIMA1_IRQHandler              
00001809  TIMG0_IRQHandler              
00001809  TIMG12_IRQHandler             
00001809  TIMG6_IRQHandler              
00001785  TIMG7_IRQHandler              
00001809  TIMG8_IRQHandler              
000018e1  TI_memcpy_small               
202000c8  TimeBuffer                    
00001121  TimerG12_Init                 
00000ef1  TimerG7_IntArm                
00001375  TxFifo_Get                    
000018cd  TxFifo_Init                   
000013c1  TxFifo_Put                    
00001889  TxFifo_Size                   
20200248  TxGetI                        
2020024c  TxPutI                        
00001181  UART0_IRQHandler              
00001809  UART1_IRQHandler              
00001809  UART2_IRQHandler              
00001809  UART3_IRQHandler              
00000c91  UART_Init                     
000014a1  UART_OutChar                  
0000175d  UART_OutString                
000015d1  UART_OutUDec                  
20208000  __STACK_END                   
00000200  __STACK_SIZE                  
00000200  __SYSMEM_SIZE                 
00000000  __TI_ATRegion0_region_sz      
00000000  __TI_ATRegion0_src_addr       
00000000  __TI_ATRegion0_trg_addr       
00000000  __TI_ATRegion1_region_sz      
00000000  __TI_ATRegion1_src_addr       
00000000  __TI_ATRegion1_trg_addr       
00000000  __TI_ATRegion2_region_sz      
00000000  __TI_ATRegion2_src_addr       
00000000  __TI_ATRegion2_trg_addr       
00001f20  __TI_CINIT_Base               
00001f30  __TI_CINIT_Limit              
00001f30  __TI_CINIT_Warm               
00001f0c  __TI_Handler_Table_Base       
00001f18  __TI_Handler_Table_Limit      
0000155d  __TI_auto_init_nobinit_nopinit
000010a5  __TI_decompress_lzss          
000018f3  __TI_decompress_none          
ffffffff  __TI_pprof_out_hndl           
ffffffff  __TI_prof_data_size           
ffffffff  __TI_prof_data_start          
00000000  __TI_static_base__            
000018a1  __TI_zero_init_nomemset       
00001235  __aeabi_idiv                  
0000128b  __aeabi_idiv0                 
00001235  __aeabi_idivmod               
00000f99  __aeabi_memcpy                
00000f99  __aeabi_memcpy4               
00000f99  __aeabi_memcpy8               
000014e1  __aeabi_uidiv                 
000014e1  __aeabi_uidivmod              
ffffffff  __binit__                     
UNDEFED   __mpu_init                    
20207e00  __stack                       
20200000  __start___llvm_prf_bits       
20200000  __start___llvm_prf_cnts       
20200000  __stop___llvm_prf_bits        
20200000  __stop___llvm_prf_cnts        
00001735  _c_int00_noargs               
20200258  _sys_memory                   
UNDEFED   _system_post_cinit            
00001951  _system_pre_init              
00001955  abort                         
ffffffff  binit                         
00000000  interruptVectors              
20200250  key                           
00000605  lab5grader                    
20200254  last                          
00000dc1  main                          
00001607  setUpper                      
00000fa1  strcmp                        


GLOBAL SYMBOLS: SORTED BY Symbol Address 

address   name                          
-------   ----                          
00000000  __TI_ATRegion0_region_sz      
00000000  __TI_ATRegion0_src_addr       
00000000  __TI_ATRegion0_trg_addr       
00000000  __TI_ATRegion1_region_sz      
00000000  __TI_ATRegion1_src_addr       
00000000  __TI_ATRegion1_trg_addr       
00000000  __TI_ATRegion2_region_sz      
00000000  __TI_ATRegion2_src_addr       
00000000  __TI_ATRegion2_trg_addr       
00000000  __TI_static_base__            
00000000  interruptVectors              
000000c1  FFT                           
00000200  __STACK_SIZE                  
00000200  __SYSMEM_SIZE                 
00000385  Lab5Grader                    
00000605  lab5grader                    
00000851  Clock_Init80MHz               
00000a05  CheckInitialization           
00000b5d  ADC_Init                      
00000c91  UART_Init                     
00000dc1  main                          
00000ef1  TimerG7_IntArm                
00000f99  __aeabi_memcpy                
00000f99  __aeabi_memcpy4               
00000f99  __aeabi_memcpy8               
00000fa1  strcmp                        
00001029  LaunchPad_Init                
000010a5  __TI_decompress_lzss          
00001121  TimerG12_Init                 
00001181  UART0_IRQHandler              
00001235  __aeabi_idiv                  
00001235  __aeabi_idivmod               
0000128b  __aeabi_idiv0                 
0000128d  Debug_Dump                    
000012dd  RxFifo_Put                    
00001329  Sound_Init                    
00001375  TxFifo_Get                    
000013c1  TxFifo_Put                    
00001459  Debug_Init                    
000014a1  UART_OutChar                  
000014e1  __aeabi_uidiv                 
000014e1  __aeabi_uidivmod              
00001521  DAC5_Init                     
0000155d  __TI_auto_init_nobinit_nopinit
00001599  ActivatePortA_B               
000015d1  UART_OutUDec                  
00001607  setUpper                      
0000163d  ReadInput                     
00001669  SysTick_Handler               
00001695  ADC_Start                     
000016bd  Grader_Init                   
000016e5  Key_Init                      
0000170d  LogicAnalyzer                 
00001735  _c_int00_noargs               
0000175d  UART_OutString                
00001785  TIMG7_IRQHandler              
000017a9  DAC5_Out                      
000017c9  Random32                      
000017e9  Sound_Start                   
00001809  ADC0_IRQHandler               
00001809  ADC1_IRQHandler               
00001809  AES_IRQHandler                
00001809  CANFD0_IRQHandler             
00001809  DAC0_IRQHandler               
00001809  DMA_IRQHandler                
00001809  Default_Handler               
00001809  GROUP0_IRQHandler             
00001809  GROUP1_IRQHandler             
00001809  I2C0_IRQHandler               
00001809  I2C1_IRQHandler               
00001809  NMI_Handler                   
00001809  PendSV_Handler                
00001809  RTC_IRQHandler                
00001809  SPI0_IRQHandler               
00001809  SPI1_IRQHandler               
00001809  SVC_Handler                   
00001809  TIMA0_IRQHandler              
00001809  TIMA1_IRQHandler              
00001809  TIMG0_IRQHandler              
00001809  TIMG12_IRQHandler             
00001809  TIMG6_IRQHandler              
00001809  TIMG8_IRQHandler              
00001809  UART1_IRQHandler              
00001809  UART2_IRQHandler              
00001809  UART3_IRQHandler              
00001825  HardFault_Handler             
00001841  Key_In                        
00001859  RxFifo_Size                   
00001871  Scope                         
00001889  TxFifo_Size                   
000018a1  __TI_zero_init_nomemset       
000018b9  RxFifo_Init                   
000018cd  TxFifo_Init                   
000018e1  TI_memcpy_small               
000018f3  __TI_decompress_none          
00001905  Clock_Delay                   
00001915  Delay                         
00001925  OutCRLF                       
00001935  Clock_Freq                    
00001941  Sound_Stop                    
0000194d  Reset_Handler                 
00001951  _system_pre_init              
00001954  C$$EXIT                       
00001955  abort                         
00001960  NotesProblem                  
00001be0  NotesPeriod                   
00001db4  IMULTIPLIERS                  
00001dd4  RMULTIPLIERS                  
00001df4  SinWave                       
00001edb  EID1                          
00001ee3  EID2                          
00001f0c  __TI_Handler_Table_Base       
00001f18  __TI_Handler_Table_Limit      
00001f20  __TI_CINIT_Base               
00001f30  __TI_CINIT_Limit              
00001f30  __TI_CINIT_Warm               
20200000  DataBuffer                    
20200000  __start___llvm_prf_bits       
20200000  __start___llvm_prf_cnts       
20200000  __stop___llvm_prf_bits        
20200000  __stop___llvm_prf_cnts        
202000c8  TimeBuffer                    
202001d0  Last16ADCresults              
20200220  DebugCnt                      
20200224  LastIn                        
20200228  M                             
2020022c  Mask                          
20200230  PeriodicTask2                 
20200234  RxGetI                        
20200238  RxPutI                        
2020023c  SampleFlag                    
20200240  State                         
20200244  TExaSadc                      
20200248  TxGetI                        
2020024c  TxPutI                        
20200250  key                           
20200254  last                          
20200258  _sys_memory                   
20200458  BusFreq                       
20200460  Last16ADCindex                
20200464  NotesMode                     
20207e00  __stack                       
20208000  __STACK_END                   
ffffffff  __TI_pprof_out_hndl           
ffffffff  __TI_prof_data_size           
ffffffff  __TI_prof_data_start          
ffffffff  __binit__                     
ffffffff  binit                         
UNDEFED   __mpu_init                    
UNDEFED   _system_post_cinit            

[150 symbols]
